Archive member included because of file (symbol)

D:/WinAVR/lib/gcc/avr/3.4.6/avr4\libgcc.a(_copy_data.o)
                              shifter.o (__do_copy_data)
D:/WinAVR/lib/gcc/avr/3.4.6/avr4\libgcc.a(_clear_bss.o)
                              shifter.o (__do_clear_bss)

Memory Configuration

Name             Origin             Length             Attributes
text             0x00000000         0x00002000         xr
data             0x00800060         0x0000ffa0         rw !x
eeprom           0x00810000         0x00010000         rw !x
*default*        0x00000000         0xffffffff

Linker script and memory map

LOAD d:/WinAVR/bin/../lib/gcc/avr/3.4.6/../../../../avr/lib/avr4/crtm8.o
LOAD shifter.o
LOAD D:/WinAVR/lib/gcc/avr/3.4.6/avr4\libgcc.a
LOAD d:/WinAVR/bin/../lib/gcc/avr/3.4.6/../../../../avr/lib/avr4\libc.a
LOAD D:/WinAVR/lib/gcc/avr/3.4.6/avr4\libgcc.a

.hash
 *(.hash)

.dynsym
 *(.dynsym)

.dynstr
 *(.dynstr)

.gnu.version
 *(.gnu.version)

.gnu.version_d
 *(.gnu.version_d)

.gnu.version_r
 *(.gnu.version_r)

.rel.init
 *(.rel.init)

.rela.init
 *(.rela.init)

.rel.text
 *(.rel.text)
 *(.rel.text.*)
 *(.rel.gnu.linkonce.t*)

.rela.text
 *(.rela.text)
 *(.rela.text.*)
 *(.rela.gnu.linkonce.t*)

.rel.fini
 *(.rel.fini)

.rela.fini
 *(.rela.fini)

.rel.rodata
 *(.rel.rodata)
 *(.rel.rodata.*)
 *(.rel.gnu.linkonce.r*)

.rela.rodata
 *(.rela.rodata)
 *(.rela.rodata.*)
 *(.rela.gnu.linkonce.r*)

.rel.data
 *(.rel.data)
 *(.rel.data.*)
 *(.rel.gnu.linkonce.d*)

.rela.data
 *(.rela.data)
 *(.rela.data.*)
 *(.rela.gnu.linkonce.d*)

.rel.ctors
 *(.rel.ctors)

.rela.ctors
 *(.rela.ctors)

.rel.dtors
 *(.rel.dtors)

.rela.dtors
 *(.rela.dtors)

.rel.got
 *(.rel.got)

.rela.got
 *(.rela.got)

.rel.bss
 *(.rel.bss)

.rela.bss
 *(.rela.bss)

.rel.plt
 *(.rel.plt)

.rela.plt
 *(.rela.plt)

.text           0x00000000      0x1e8
 *(.vectors)
 .vectors       0x00000000       0x26 d:/WinAVR/bin/../lib/gcc/avr/3.4.6/../../../../avr/lib/avr4/crtm8.o
                0x00000000                __vectors
                0x00000000                __vector_default
                0x00000026                __ctors_start = .
 *(.ctors)
                0x00000026                __ctors_end = .
                0x00000026                __dtors_start = .
 *(.dtors)
                0x00000026                __dtors_end = .
 *(.progmem.gcc*)
 *(.progmem*)
                0x00000026                . = ALIGN (0x2)
 *(.init0)
 *(.init1)
 *(.init2)
 .init2         0x00000026        0xc d:/WinAVR/bin/../lib/gcc/avr/3.4.6/../../../../avr/lib/avr4/crtm8.o
 *(.init3)
 *(.init4)
 .init4         0x00000032       0x16 D:/WinAVR/lib/gcc/avr/3.4.6/avr4\libgcc.a(_copy_data.o)
                0x00000032                __do_copy_data
 .init4         0x00000048       0x10 D:/WinAVR/lib/gcc/avr/3.4.6/avr4\libgcc.a(_clear_bss.o)
                0x00000048                __do_clear_bss
 *(.init5)
 *(.init6)
 *(.init7)
 *(.init8)
 *(.init9)
 .init9         0x00000058        0x2 d:/WinAVR/bin/../lib/gcc/avr/3.4.6/../../../../avr/lib/avr4/crtm8.o
 *(.text)
 .text          0x0000005a        0x2 d:/WinAVR/bin/../lib/gcc/avr/3.4.6/../../../../avr/lib/avr4/crtm8.o
                0x0000005a                __vector_12
                0x0000005a                __bad_interrupt
                0x0000005a                __vector_6
                0x0000005a                __vector_3
                0x0000005a                __vector_11
                0x0000005a                __vector_13
                0x0000005a                __vector_17
                0x0000005a                __vector_7
                0x0000005a                __vector_5
                0x0000005a                __vector_4
                0x0000005a                __vector_15
                0x0000005a                __vector_8
                0x0000005a                __vector_14
                0x0000005a                __vector_10
                0x0000005a                __vector_16
                0x0000005a                __vector_18
 .text          0x0000005c      0x18c shifter.o
                0x0000005c                __vector_1
                0x0000017c                main
                0x000000c4                __vector_9
                0x00000090                __vector_2
                0x000001e8                . = ALIGN (0x2)
 *(.text.*)
                0x000001e8                . = ALIGN (0x2)
 *(.fini9)
 *(.fini8)
 *(.fini7)
 *(.fini6)
 *(.fini5)
 *(.fini4)
 *(.fini3)
 *(.fini2)
 *(.fini1)
 *(.fini0)
                0x000001e8                _etext = .

.data           0x00800060        0x4 load address 0x000001e8
                0x00800060                PROVIDE (__data_start, .)
 *(.data)
 .data          0x00800060        0x4 shifter.o
                0x00800060                l_int1time
                0x00800062                l_int0time
 *(.gnu.linkonce.d*)
                0x00800064                . = ALIGN (0x2)
                0x00800064                _edata = .
                0x00800064                PROVIDE (__data_end, .)

.bss            0x00800064        0x6
                0x00800064                PROVIDE (__bss_start, .)
 *(.bss)
 .bss           0x00800064        0x6 shifter.o
                0x00800064                c_int1time
                0x00800066                c_int0time
                0x00800069                state
                0x00800068                mlstate
 *(COMMON)
                0x0080006a                PROVIDE (__bss_end, .)
                0x000001e8                __data_load_start = LOADADDR (.data)
                0x000001ec                __data_load_end = (__data_load_start + SIZEOF (.data))

.noinit         0x0080006a        0x0
                0x0080006a                PROVIDE (__noinit_start, .)
 *(.noinit*)
                0x0080006a                PROVIDE (__noinit_end, .)
                0x0080006a                _end = .
                0x0080006a                PROVIDE (__heap_start, .)

.eeprom         0x00810000        0x0
 *(.eeprom*)
                0x00810000                __eeprom_end = .

.stab           0x00000000      0x36c
 *(.stab)
 .stab          0x00000000      0x36c d:/WinAVR/bin/../lib/gcc/avr/3.4.6/../../../../avr/lib/avr4/crtm8.o

.stabstr        0x00000000       0x84
 *(.stabstr)
 .stabstr       0x00000000       0x84 d:/WinAVR/bin/../lib/gcc/avr/3.4.6/../../../../avr/lib/avr4/crtm8.o

.stab.excl
 *(.stab.excl)

.stab.exclstr
 *(.stab.exclstr)

.stab.index
 *(.stab.index)

.stab.indexstr
 *(.stab.indexstr)

.comment
 *(.comment)

.debug
 *(.debug)

.line
 *(.line)

.debug_srcinfo
 *(.debug_srcinfo)

.debug_sfnames
 *(.debug_sfnames)

.debug_aranges  0x00000000       0x14
 *(.debug_aranges)
 .debug_aranges
                0x00000000       0x14 shifter.o

.debug_pubnames
                0x00000000       0x9a
 *(.debug_pubnames)
 .debug_pubnames
                0x00000000       0x9a shifter.o

.debug_info     0x00000000      0x17c
 *(.debug_info)
 .debug_info    0x00000000      0x17c shifter.o
 *(.gnu.linkonce.wi.*)

.debug_abbrev   0x00000000       0x7b
 *(.debug_abbrev)
 .debug_abbrev  0x00000000       0x7b shifter.o

.debug_line     0x00000000      0x1ca
 *(.debug_line)
 .debug_line    0x00000000      0x1ca shifter.o

.debug_frame
 *(.debug_frame)

.debug_str      0x00000000       0xd5
 *(.debug_str)
 .debug_str     0x00000000       0xd5 shifter.o
                                0x133 (size before relaxing)

.debug_loc
 *(.debug_loc)

.debug_macinfo
 *(.debug_macinfo)
OUTPUT(shifter.elf elf32-avr)
