Archive member included because of file (symbol)

D:/WinAVR/lib/gcc/avr/3.4.6/avr5\libgcc.a(_copy_data.o)
                              mr162.o (__do_copy_data)
D:/WinAVR/lib/gcc/avr/3.4.6/avr5\libgcc.a(_clear_bss.o)
                              mr162.o (__do_clear_bss)

Memory Configuration

Name             Origin             Length             Attributes
text             0x00000000         0x00020000         xr
data             0x00800060         0x0000ffa0         rw !x
eeprom           0x00810000         0x00010000         rw !x
*default*        0x00000000         0xffffffff

Linker script and memory map

Address of section .data set to 0x800100
LOAD d:/WinAVR/bin/../lib/gcc/avr/3.4.6/../../../../avr/lib/avr5/crtm162.o
LOAD mr162.o
LOAD D:/WinAVR/lib/gcc/avr/3.4.6/avr5\libgcc.a
LOAD d:/WinAVR/bin/../lib/gcc/avr/3.4.6/../../../../avr/lib/avr5\libc.a
LOAD D:/WinAVR/lib/gcc/avr/3.4.6/avr5\libgcc.a

.hash
 *(.hash)

.dynsym
 *(.dynsym)

.dynstr
 *(.dynstr)

.gnu.version
 *(.gnu.version)

.gnu.version_d
 *(.gnu.version_d)

.gnu.version_r
 *(.gnu.version_r)

.rel.init
 *(.rel.init)

.rela.init
 *(.rela.init)

.rel.text
 *(.rel.text)
 *(.rel.text.*)
 *(.rel.gnu.linkonce.t*)

.rela.text
 *(.rela.text)
 *(.rela.text.*)
 *(.rela.gnu.linkonce.t*)

.rel.fini
 *(.rel.fini)

.rela.fini
 *(.rela.fini)

.rel.rodata
 *(.rel.rodata)
 *(.rel.rodata.*)
 *(.rel.gnu.linkonce.r*)

.rela.rodata
 *(.rela.rodata)
 *(.rela.rodata.*)
 *(.rela.gnu.linkonce.r*)

.rel.data
 *(.rel.data)
 *(.rel.data.*)
 *(.rel.gnu.linkonce.d*)

.rela.data
 *(.rela.data)
 *(.rela.data.*)
 *(.rela.gnu.linkonce.d*)

.rel.ctors
 *(.rel.ctors)

.rela.ctors
 *(.rela.ctors)

.rel.dtors
 *(.rel.dtors)

.rela.dtors
 *(.rela.dtors)

.rel.got
 *(.rel.got)

.rela.got
 *(.rela.got)

.rel.bss
 *(.rel.bss)

.rela.bss
 *(.rela.bss)

.rel.plt
 *(.rel.plt)

.rela.plt
 *(.rela.plt)

.text           0x00000000      0x13a
 *(.vectors)
 .vectors       0x00000000       0x70 d:/WinAVR/bin/../lib/gcc/avr/3.4.6/../../../../avr/lib/avr5/crtm162.o
                0x00000000                __vectors
                0x00000000                __vector_default
                0x00000070                __ctors_start = .
 *(.ctors)
                0x00000070                __ctors_end = .
                0x00000070                __dtors_start = .
 *(.dtors)
                0x00000070                __dtors_end = .
 *(.progmem.gcc*)
 *(.progmem*)
                0x00000070                . = ALIGN (0x2)
 *(.init0)
 *(.init1)
 *(.init2)
 .init2         0x00000070        0xc d:/WinAVR/bin/../lib/gcc/avr/3.4.6/../../../../avr/lib/avr5/crtm162.o
 *(.init3)
 *(.init4)
 .init4         0x0000007c       0x16 D:/WinAVR/lib/gcc/avr/3.4.6/avr5\libgcc.a(_copy_data.o)
                0x0000007c                __do_copy_data
 .init4         0x00000092       0x10 D:/WinAVR/lib/gcc/avr/3.4.6/avr5\libgcc.a(_clear_bss.o)
                0x00000092                __do_clear_bss
 *(.init5)
 *(.init6)
 *(.init7)
 *(.init8)
 *(.init9)
 .init9         0x000000a2        0x4 d:/WinAVR/bin/../lib/gcc/avr/3.4.6/../../../../avr/lib/avr5/crtm162.o
 *(.text)
 .text          0x000000a6        0x4 d:/WinAVR/bin/../lib/gcc/avr/3.4.6/../../../../avr/lib/avr5/crtm162.o
                0x000000a6                __vector_22
                0x000000a6                __vector_1
                0x000000a6                __vector_24
                0x000000a6                __vector_12
                0x000000a6                __bad_interrupt
                0x000000a6                __vector_6
                0x000000a6                __vector_3
                0x000000a6                __vector_23
                0x000000a6                __vector_25
                0x000000a6                __vector_11
                0x000000a6                __vector_13
                0x000000a6                __vector_17
                0x000000a6                __vector_19
                0x000000a6                __vector_7
                0x000000a6                __vector_27
                0x000000a6                __vector_5
                0x000000a6                __vector_4
                0x000000a6                __vector_9
                0x000000a6                __vector_2
                0x000000a6                __vector_21
                0x000000a6                __vector_15
                0x000000a6                __vector_8
                0x000000a6                __vector_26
                0x000000a6                __vector_14
                0x000000a6                __vector_10
                0x000000a6                __vector_16
                0x000000a6                __vector_18
                0x000000a6                __vector_20
 .text          0x000000aa       0x90 mr162.o
                0x000000d6                ports_set
                0x000000c8                ports_init
                0x000000aa                delay_1ms
                0x000000f0                start_signal
                0x000000e4                ports_clear
                0x00000110                main
                0x0000013a                . = ALIGN (0x2)
 *(.text.*)
                0x0000013a                . = ALIGN (0x2)
 *(.fini9)
 *(.fini8)
 *(.fini7)
 *(.fini6)
 *(.fini5)
 *(.fini4)
 *(.fini3)
 *(.fini2)
 *(.fini1)
 *(.fini0)
                0x0000013a                _etext = .

.data           0x00800100        0x0 load address 0x0000013a
                0x00800100                PROVIDE (__data_start, .)
 *(.data)
 *(.gnu.linkonce.d*)
                0x00800100                . = ALIGN (0x2)
                0x00800100                _edata = .
                0x00800100                PROVIDE (__data_end, .)

.bss            0x00800100        0x0
                0x00800100                PROVIDE (__bss_start, .)
 *(.bss)
 *(COMMON)
                0x00800100                PROVIDE (__bss_end, .)
                0x0000013a                __data_load_start = LOADADDR (.data)
                0x0000013a                __data_load_end = (__data_load_start + SIZEOF (.data))

.noinit         0x00800100        0x0
                0x00800100                PROVIDE (__noinit_start, .)
 *(.noinit*)
                0x00800100                PROVIDE (__noinit_end, .)
                0x00800100                _end = .
                0x00800100                PROVIDE (__heap_start, .)

.eeprom         0x00810000        0x0
 *(.eeprom*)
                0x00810000                __eeprom_end = .

.stab           0x00000000      0x36c
 *(.stab)
 .stab          0x00000000      0x36c d:/WinAVR/bin/../lib/gcc/avr/3.4.6/../../../../avr/lib/avr5/crtm162.o

.stabstr        0x00000000       0x84
 *(.stabstr)
 .stabstr       0x00000000       0x84 d:/WinAVR/bin/../lib/gcc/avr/3.4.6/../../../../avr/lib/avr5/crtm162.o

.stab.excl
 *(.stab.excl)

.stab.exclstr
 *(.stab.exclstr)

.stab.index
 *(.stab.index)

.stab.indexstr
 *(.stab.indexstr)

.comment
 *(.comment)

.debug
 *(.debug)

.line
 *(.line)

.debug_srcinfo
 *(.debug_srcinfo)

.debug_sfnames
 *(.debug_sfnames)

.debug_aranges  0x00000000       0x14
 *(.debug_aranges)
 .debug_aranges
                0x00000000       0x14 mr162.o

.debug_pubnames
                0x00000000       0x67
 *(.debug_pubnames)
 .debug_pubnames
                0x00000000       0x67 mr162.o

.debug_info     0x00000000      0x173
 *(.debug_info)
 .debug_info    0x00000000      0x173 mr162.o
 *(.gnu.linkonce.wi.*)

.debug_abbrev   0x00000000       0x98
 *(.debug_abbrev)
 .debug_abbrev  0x00000000       0x98 mr162.o

.debug_line     0x00000000      0x19a
 *(.debug_line)
 .debug_line    0x00000000      0x19a mr162.o

.debug_frame
 *(.debug_frame)

.debug_str      0x00000000       0xbd
 *(.debug_str)
 .debug_str     0x00000000       0xbd mr162.o
                                0x10e (size before relaxing)

.debug_loc
 *(.debug_loc)

.debug_macinfo
 *(.debug_macinfo)
OUTPUT(mr162.elf elf32-avr)
