Archive member included because of file (symbol)

/usr/lib/gcc/avr/4.5.1/avr4/libgcc.a(_exit.o)
                              /usr/lib/gcc/avr/4.5.1/../../../../avr/lib/avr4/crtm88p.o (exit)
/usr/lib/gcc/avr/4.5.1/avr4/libgcc.a(_copy_data.o)
                              test_uart.o (__do_copy_data)
/usr/lib/gcc/avr/4.5.1/avr4/libgcc.a(_clear_bss.o)
                              test_uart.o (__do_clear_bss)
/usr/lib/gcc/avr/4.5.1/../../../../avr/lib/avr4/libc.a(itoa.o)
                              test_uart.o (itoa)
/usr/lib/gcc/avr/4.5.1/../../../../avr/lib/avr4/libc.a(strrev.o)
                              /usr/lib/gcc/avr/4.5.1/../../../../avr/lib/avr4/libc.a(itoa.o) (strrev)
/usr/lib/gcc/avr/4.5.1/avr4/libgcc.a(_udivmodhi4.o)
                              /usr/lib/gcc/avr/4.5.1/../../../../avr/lib/avr4/libc.a(itoa.o) (__udivmodhi4)

Memory Configuration

Name             Origin             Length             Attributes
text             0x00000000         0x00002000         xr
data             0x00800060         0x0000ffa0         rw !x
eeprom           0x00810000         0x00010000         rw !x
*default*        0x00000000         0xffffffff

Linker script and memory map

Address of section .data set to 0x800100
LOAD /usr/lib/gcc/avr/4.5.1/../../../../avr/lib/avr4/crtm88p.o
LOAD test_uart.o
LOAD uart.o
LOAD /usr/lib/gcc/avr/4.5.1/../../../../avr/lib/avr4/libm.a
LOAD /usr/lib/gcc/avr/4.5.1/avr4/libgcc.a
LOAD /usr/lib/gcc/avr/4.5.1/../../../../avr/lib/avr4/libc.a
LOAD /usr/lib/gcc/avr/4.5.1/avr4/libgcc.a

.hash
 *(.hash)

.dynsym
 *(.dynsym)

.dynstr
 *(.dynstr)

.gnu.version
 *(.gnu.version)

.gnu.version_d
 *(.gnu.version_d)

.gnu.version_r
 *(.gnu.version_r)

.rel.init
 *(.rel.init)

.rela.init
 *(.rela.init)

.rel.text
 *(.rel.text)
 *(.rel.text.*)
 *(.rel.gnu.linkonce.t*)

.rela.text
 *(.rela.text)
 *(.rela.text.*)
 *(.rela.gnu.linkonce.t*)

.rel.fini
 *(.rel.fini)

.rela.fini
 *(.rela.fini)

.rel.rodata
 *(.rel.rodata)
 *(.rel.rodata.*)
 *(.rel.gnu.linkonce.r*)

.rela.rodata
 *(.rela.rodata)
 *(.rela.rodata.*)
 *(.rela.gnu.linkonce.r*)

.rel.data
 *(.rel.data)
 *(.rel.data.*)
 *(.rel.gnu.linkonce.d*)

.rela.data
 *(.rela.data)
 *(.rela.data.*)
 *(.rela.gnu.linkonce.d*)

.rel.ctors
 *(.rel.ctors)

.rela.ctors
 *(.rela.ctors)

.rel.dtors
 *(.rel.dtors)

.rela.dtors
 *(.rela.dtors)

.rel.got
 *(.rel.got)

.rela.got
 *(.rela.got)

.rel.bss
 *(.rel.bss)

.rela.bss
 *(.rela.bss)

.rel.plt
 *(.rel.plt)

.rela.plt
 *(.rela.plt)

.text           0x00000000      0x33a
 *(.vectors)
 .vectors       0x00000000       0x34 /usr/lib/gcc/avr/4.5.1/../../../../avr/lib/avr4/crtm88p.o
                0x00000000                __vectors
                0x00000000                __vector_default
 *(.vectors)
 *(.progmem.gcc*)
 *(.progmem*)
 .progmem.data  0x00000034       0x58 test_uart.o
                0x0000008c                . = ALIGN (0x2)
                0x0000008c                __trampolines_start = .
 *(.trampolines)
 .trampolines   0x0000008c        0x0 linker stubs
 *(.trampolines*)
                0x0000008c                __trampolines_end = .
 *(.jumptables)
 *(.jumptables*)
 *(.lowtext)
 *(.lowtext*)
                0x0000008c                __ctors_start = .
 *(.ctors)
                0x0000008c                __ctors_end = .
                0x0000008c                __dtors_start = .
 *(.dtors)
                0x0000008c                __dtors_end = .
 SORT(*)(.ctors)
 SORT(*)(.dtors)
 *(.init0)
 .init0         0x0000008c        0x0 /usr/lib/gcc/avr/4.5.1/../../../../avr/lib/avr4/crtm88p.o
                0x0000008c                __init
 *(.init0)
 *(.init1)
 *(.init1)
 *(.init2)
 .init2         0x0000008c        0xc /usr/lib/gcc/avr/4.5.1/../../../../avr/lib/avr4/crtm88p.o
 *(.init2)
 *(.init3)
 *(.init3)
 *(.init4)
 .init4         0x00000098       0x16 /usr/lib/gcc/avr/4.5.1/avr4/libgcc.a(_copy_data.o)
                0x00000098                __do_copy_data
 .init4         0x000000ae       0x10 /usr/lib/gcc/avr/4.5.1/avr4/libgcc.a(_clear_bss.o)
                0x000000ae                __do_clear_bss
 *(.init4)
 *(.init5)
 *(.init5)
 *(.init6)
 *(.init6)
 *(.init7)
 *(.init7)
 *(.init8)
 *(.init8)
 *(.init9)
 .init9         0x000000be        0x4 /usr/lib/gcc/avr/4.5.1/../../../../avr/lib/avr4/crtm88p.o
 *(.init9)
 *(.text)
 .text          0x000000c2        0x2 /usr/lib/gcc/avr/4.5.1/../../../../avr/lib/avr4/crtm88p.o
                0x000000c2                __vector_22
                0x000000c2                __vector_1
                0x000000c2                __vector_24
                0x000000c2                __vector_12
                0x000000c2                __bad_interrupt
                0x000000c2                __vector_6
                0x000000c2                __vector_3
                0x000000c2                __vector_23
                0x000000c2                __vector_25
                0x000000c2                __vector_11
                0x000000c2                __vector_13
                0x000000c2                __vector_17
                0x000000c2                __vector_19
                0x000000c2                __vector_7
                0x000000c2                __vector_5
                0x000000c2                __vector_4
                0x000000c2                __vector_9
                0x000000c2                __vector_2
                0x000000c2                __vector_21
                0x000000c2                __vector_15
                0x000000c2                __vector_8
                0x000000c2                __vector_14
                0x000000c2                __vector_10
                0x000000c2                __vector_16
 .text          0x000000c4       0x70 test_uart.o
                0x000000c4                main
 .text          0x00000134      0x17c uart.o
                0x00000134                __vector_18
                0x0000018a                __vector_20
                0x000001de                uart_init
                0x00000210                uart_getc
                0x00000246                uart_putc
                0x00000270                uart_puts
                0x00000296                uart_puts_p
 .text          0x000002b0        0x0 /usr/lib/gcc/avr/4.5.1/avr4/libgcc.a(_exit.o)
 .text          0x000002b0        0x0 /usr/lib/gcc/avr/4.5.1/avr4/libgcc.a(_copy_data.o)
 .text          0x000002b0        0x0 /usr/lib/gcc/avr/4.5.1/avr4/libgcc.a(_clear_bss.o)
 .text          0x000002b0        0x0 /usr/lib/gcc/avr/4.5.1/../../../../avr/lib/avr4/libc.a(itoa.o)
 .text          0x000002b0        0x0 /usr/lib/gcc/avr/4.5.1/../../../../avr/lib/avr4/libc.a(strrev.o)
 .text          0x000002b0        0x0 /usr/lib/gcc/avr/4.5.1/avr4/libgcc.a(_udivmodhi4.o)
                0x000002b0                . = ALIGN (0x2)
 *(.text.*)
 .text.libgcc   0x000002b0        0x0 /usr/lib/gcc/avr/4.5.1/avr4/libgcc.a(_exit.o)
 .text.libgcc   0x000002b0        0x0 /usr/lib/gcc/avr/4.5.1/avr4/libgcc.a(_copy_data.o)
 .text.libgcc   0x000002b0        0x0 /usr/lib/gcc/avr/4.5.1/avr4/libgcc.a(_clear_bss.o)
 .text.avr-libc
                0x000002b0       0x3e /usr/lib/gcc/avr/4.5.1/../../../../avr/lib/avr4/libc.a(itoa.o)
                0x000002b0                itoa
 .text.avr-libc
                0x000002ee       0x20 /usr/lib/gcc/avr/4.5.1/../../../../avr/lib/avr4/libc.a(strrev.o)
                0x000002ee                strrev
 .text.libgcc   0x0000030e       0x28 /usr/lib/gcc/avr/4.5.1/avr4/libgcc.a(_udivmodhi4.o)
                0x0000030e                __udivmodhi4
                0x00000336                . = ALIGN (0x2)
 *(.fini9)
 .fini9         0x00000336        0x0 /usr/lib/gcc/avr/4.5.1/avr4/libgcc.a(_exit.o)
                0x00000336                exit
                0x00000336                _exit
 *(.fini9)
 *(.fini8)
 *(.fini8)
 *(.fini7)
 *(.fini7)
 *(.fini6)
 *(.fini6)
 *(.fini5)
 *(.fini5)
 *(.fini4)
 *(.fini4)
 *(.fini3)
 *(.fini3)
 *(.fini2)
 *(.fini2)
 *(.fini1)
 *(.fini1)
 *(.fini0)
 .fini0         0x00000336        0x4 /usr/lib/gcc/avr/4.5.1/avr4/libgcc.a(_exit.o)
 *(.fini0)
                0x0000033a                _etext = .

.data           0x00800100       0x18 load address 0x0000033a
                0x00800100                PROVIDE (__data_start, .)
 *(.data)
 .data          0x00800100        0x0 /usr/lib/gcc/avr/4.5.1/../../../../avr/lib/avr4/crtm88p.o
 .data          0x00800100       0x17 test_uart.o
 .data          0x00800117        0x0 uart.o
 .data          0x00800117        0x0 /usr/lib/gcc/avr/4.5.1/avr4/libgcc.a(_exit.o)
 .data          0x00800117        0x0 /usr/lib/gcc/avr/4.5.1/avr4/libgcc.a(_copy_data.o)
 .data          0x00800117        0x0 /usr/lib/gcc/avr/4.5.1/avr4/libgcc.a(_clear_bss.o)
 .data          0x00800117        0x0 /usr/lib/gcc/avr/4.5.1/../../../../avr/lib/avr4/libc.a(itoa.o)
 .data          0x00800117        0x0 /usr/lib/gcc/avr/4.5.1/../../../../avr/lib/avr4/libc.a(strrev.o)
 .data          0x00800117        0x0 /usr/lib/gcc/avr/4.5.1/avr4/libgcc.a(_udivmodhi4.o)
 *(.data*)
 *(.rodata)
 *(.rodata*)
 *(.gnu.linkonce.d*)
                0x00800118                . = ALIGN (0x2)
 *fill*         0x00800117        0x1 00
                0x00800118                _edata = .
                0x00800118                PROVIDE (__data_end, .)

.bss            0x00800118       0x45
                0x00800118                PROVIDE (__bss_start, .)
 *(.bss)
 .bss           0x00800118        0x0 /usr/lib/gcc/avr/4.5.1/../../../../avr/lib/avr4/crtm88p.o
 .bss           0x00800118        0x0 test_uart.o
 .bss           0x00800118       0x45 uart.o
 .bss           0x0080015d        0x0 /usr/lib/gcc/avr/4.5.1/avr4/libgcc.a(_exit.o)
 .bss           0x0080015d        0x0 /usr/lib/gcc/avr/4.5.1/avr4/libgcc.a(_copy_data.o)
 .bss           0x0080015d        0x0 /usr/lib/gcc/avr/4.5.1/avr4/libgcc.a(_clear_bss.o)
 .bss           0x0080015d        0x0 /usr/lib/gcc/avr/4.5.1/../../../../avr/lib/avr4/libc.a(itoa.o)
 .bss           0x0080015d        0x0 /usr/lib/gcc/avr/4.5.1/../../../../avr/lib/avr4/libc.a(strrev.o)
 .bss           0x0080015d        0x0 /usr/lib/gcc/avr/4.5.1/avr4/libgcc.a(_udivmodhi4.o)
 *(.bss*)
 *(COMMON)
                0x0080015d                PROVIDE (__bss_end, .)
                0x0000033a                __data_load_start = LOADADDR (.data)
                0x00000352                __data_load_end = (__data_load_start + SIZEOF (.data))

.noinit         0x0080015d        0x0
                0x0080015d                PROVIDE (__noinit_start, .)
 *(.noinit*)
                0x0080015d                PROVIDE (__noinit_end, .)
                0x0080015d                _end = .
                0x0080015d                PROVIDE (__heap_start, .)

.eeprom         0x00810000        0x0
 *(.eeprom*)
                0x00810000                __eeprom_end = .

.stab           0x00000000      0x954
 *(.stab)
 .stab          0x00000000      0x6cc /usr/lib/gcc/avr/4.5.1/../../../../avr/lib/avr4/crtm88p.o
 .stab          0x000006cc      0x1b0 /usr/lib/gcc/avr/4.5.1/../../../../avr/lib/avr4/libc.a(itoa.o)
                                0x1bc (size before relaxing)
 .stab          0x0000087c       0xd8 /usr/lib/gcc/avr/4.5.1/../../../../avr/lib/avr4/libc.a(strrev.o)
                                 0xe4 (size before relaxing)

.stabstr        0x00000000       0xb4
 *(.stabstr)
 .stabstr       0x00000000       0xb4 /usr/lib/gcc/avr/4.5.1/../../../../avr/lib/avr4/crtm88p.o

.stab.excl
 *(.stab.excl)

.stab.exclstr
 *(.stab.exclstr)

.stab.index
 *(.stab.index)

.stab.indexstr
 *(.stab.indexstr)

.comment
 *(.comment)

.debug
 *(.debug)

.line
 *(.line)

.debug_srcinfo
 *(.debug_srcinfo .zdebug_srcinfo)

.debug_sfnames
 *(.debug_sfnames .zdebug_sfnames)

.debug_aranges  0x00000000       0x40
 *(.debug_aranges .zdebug_aranges)
 .debug_aranges
                0x00000000       0x20 test_uart.o
 .debug_aranges
                0x00000020       0x20 uart.o

.debug_pubnames
                0x00000000       0x95
 *(.debug_pubnames .zdebug_pubnames)
 .debug_pubnames
                0x00000000       0x1b test_uart.o
 .debug_pubnames
                0x0000001b       0x7a uart.o

.debug_info     0x00000000      0x3a2
 *(.debug_info .gnu.linkonce.wi.* .zdebug_info)
 .debug_info    0x00000000       0xc8 test_uart.o
 .debug_info    0x000000c8      0x2da uart.o

.debug_abbrev   0x00000000      0x1aa
 *(.debug_abbrev .zdebug_abbrev)
 .debug_abbrev  0x00000000       0x82 test_uart.o
 .debug_abbrev  0x00000082      0x128 uart.o

.debug_line     0x00000000      0x2f7
 *(.debug_line .zdebug_line)
 .debug_line    0x00000000       0xbb test_uart.o
 .debug_line    0x000000bb      0x23c uart.o

.debug_frame    0x00000000       0xa0
 *(.debug_frame .zdebug_frame)
 .debug_frame   0x00000000       0x20 test_uart.o
 .debug_frame   0x00000020       0x80 uart.o

.debug_str      0x00000000      0x174
 *(.debug_str .zdebug_str)
 .debug_str     0x00000000       0x7a test_uart.o
                                 0xb3 (size before relaxing)
 .debug_str     0x0000007a       0xfa uart.o
                                0x19c (size before relaxing)

.debug_loc      0x00000000      0x240
 *(.debug_loc .zdebug_loc)
 .debug_loc     0x00000000       0x28 test_uart.o
 .debug_loc     0x00000028      0x218 uart.o

.debug_macinfo
 *(.debug_macinfo .zdebug_macinfo)
OUTPUT(test_uart.elf elf32-avr)
LOAD linker stubs

.debug_pubtypes
                0x00000000       0x3d
 .debug_pubtypes
                0x00000000       0x12 test_uart.o
 .debug_pubtypes
                0x00000012       0x2b uart.o

Cross Reference Table

Symbol                                            File
__bad_interrupt                                   /usr/lib/gcc/avr/4.5.1/../../../../avr/lib/avr4/crtm88p.o
__bss_end                                         /usr/lib/gcc/avr/4.5.1/avr4/libgcc.a(_clear_bss.o)
__bss_start                                       /usr/lib/gcc/avr/4.5.1/avr4/libgcc.a(_clear_bss.o)
__data_end                                        /usr/lib/gcc/avr/4.5.1/avr4/libgcc.a(_copy_data.o)
__data_load_start                                 /usr/lib/gcc/avr/4.5.1/avr4/libgcc.a(_copy_data.o)
__data_start                                      /usr/lib/gcc/avr/4.5.1/avr4/libgcc.a(_copy_data.o)
__do_clear_bss                                    /usr/lib/gcc/avr/4.5.1/avr4/libgcc.a(_clear_bss.o)
                                                  uart.o
                                                  test_uart.o
__do_copy_data                                    /usr/lib/gcc/avr/4.5.1/avr4/libgcc.a(_copy_data.o)
                                                  uart.o
                                                  test_uart.o
__heap_end                                        /usr/lib/gcc/avr/4.5.1/../../../../avr/lib/avr4/crtm88p.o
__init                                            /usr/lib/gcc/avr/4.5.1/../../../../avr/lib/avr4/crtm88p.o
__stack                                           /usr/lib/gcc/avr/4.5.1/../../../../avr/lib/avr4/crtm88p.o
__udivmodhi4                                      /usr/lib/gcc/avr/4.5.1/avr4/libgcc.a(_udivmodhi4.o)
                                                  /usr/lib/gcc/avr/4.5.1/../../../../avr/lib/avr4/libc.a(itoa.o)
__vector_1                                        /usr/lib/gcc/avr/4.5.1/../../../../avr/lib/avr4/crtm88p.o
__vector_10                                       /usr/lib/gcc/avr/4.5.1/../../../../avr/lib/avr4/crtm88p.o
__vector_11                                       /usr/lib/gcc/avr/4.5.1/../../../../avr/lib/avr4/crtm88p.o
__vector_12                                       /usr/lib/gcc/avr/4.5.1/../../../../avr/lib/avr4/crtm88p.o
__vector_13                                       /usr/lib/gcc/avr/4.5.1/../../../../avr/lib/avr4/crtm88p.o
__vector_14                                       /usr/lib/gcc/avr/4.5.1/../../../../avr/lib/avr4/crtm88p.o
__vector_15                                       /usr/lib/gcc/avr/4.5.1/../../../../avr/lib/avr4/crtm88p.o
__vector_16                                       /usr/lib/gcc/avr/4.5.1/../../../../avr/lib/avr4/crtm88p.o
__vector_17                                       /usr/lib/gcc/avr/4.5.1/../../../../avr/lib/avr4/crtm88p.o
__vector_18                                       uart.o
                                                  /usr/lib/gcc/avr/4.5.1/../../../../avr/lib/avr4/crtm88p.o
__vector_19                                       /usr/lib/gcc/avr/4.5.1/../../../../avr/lib/avr4/crtm88p.o
__vector_2                                        /usr/lib/gcc/avr/4.5.1/../../../../avr/lib/avr4/crtm88p.o
__vector_20                                       uart.o
                                                  /usr/lib/gcc/avr/4.5.1/../../../../avr/lib/avr4/crtm88p.o
__vector_21                                       /usr/lib/gcc/avr/4.5.1/../../../../avr/lib/avr4/crtm88p.o
__vector_22                                       /usr/lib/gcc/avr/4.5.1/../../../../avr/lib/avr4/crtm88p.o
__vector_23                                       /usr/lib/gcc/avr/4.5.1/../../../../avr/lib/avr4/crtm88p.o
__vector_24                                       /usr/lib/gcc/avr/4.5.1/../../../../avr/lib/avr4/crtm88p.o
__vector_25                                       /usr/lib/gcc/avr/4.5.1/../../../../avr/lib/avr4/crtm88p.o
__vector_3                                        /usr/lib/gcc/avr/4.5.1/../../../../avr/lib/avr4/crtm88p.o
__vector_4                                        /usr/lib/gcc/avr/4.5.1/../../../../avr/lib/avr4/crtm88p.o
__vector_5                                        /usr/lib/gcc/avr/4.5.1/../../../../avr/lib/avr4/crtm88p.o
__vector_6                                        /usr/lib/gcc/avr/4.5.1/../../../../avr/lib/avr4/crtm88p.o
__vector_7                                        /usr/lib/gcc/avr/4.5.1/../../../../avr/lib/avr4/crtm88p.o
__vector_8                                        /usr/lib/gcc/avr/4.5.1/../../../../avr/lib/avr4/crtm88p.o
__vector_9                                        /usr/lib/gcc/avr/4.5.1/../../../../avr/lib/avr4/crtm88p.o
__vector_default                                  /usr/lib/gcc/avr/4.5.1/../../../../avr/lib/avr4/crtm88p.o
__vectors                                         /usr/lib/gcc/avr/4.5.1/../../../../avr/lib/avr4/crtm88p.o
_exit                                             /usr/lib/gcc/avr/4.5.1/avr4/libgcc.a(_exit.o)
exit                                              /usr/lib/gcc/avr/4.5.1/avr4/libgcc.a(_exit.o)
                                                  /usr/lib/gcc/avr/4.5.1/../../../../avr/lib/avr4/crtm88p.o
itoa                                              /usr/lib/gcc/avr/4.5.1/../../../../avr/lib/avr4/libc.a(itoa.o)
                                                  test_uart.o
main                                              test_uart.o
                                                  /usr/lib/gcc/avr/4.5.1/../../../../avr/lib/avr4/crtm88p.o
strrev                                            /usr/lib/gcc/avr/4.5.1/../../../../avr/lib/avr4/libc.a(strrev.o)
                                                  /usr/lib/gcc/avr/4.5.1/../../../../avr/lib/avr4/libc.a(itoa.o)
uart_getc                                         uart.o
                                                  test_uart.o
uart_init                                         uart.o
                                                  test_uart.o
uart_putc                                         uart.o
                                                  test_uart.o
uart_puts                                         uart.o
                                                  test_uart.o
uart_puts_p                                       uart.o
                                                  test_uart.o
