Archive member included because of file (symbol)

D:/WinAVR/lib/gcc/avr/3.4.6/avr5\libgcc.a(_copy_data.o)
                              capture.o (__do_copy_data)
D:/WinAVR/lib/gcc/avr/3.4.6/avr5\libgcc.a(_clear_bss.o)
                              capture.o (__do_clear_bss)

Allocating common symbols
Common symbol       size              file

tocker              0x2               capture.o
pwmCount            0x2               capture.o
pwmPos              0x2               capture.o
clock               0x2               capture.o

Memory Configuration

Name             Origin             Length             Attributes
text             0x00000000         0x00020000         xr
data             0x00800060         0x0000ffa0         rw !x
eeprom           0x00810000         0x00010000         rw !x
*default*        0x00000000         0xffffffff

Linker script and memory map

Address of section .data set to 0x800100
LOAD d:/WinAVR/bin/../lib/gcc/avr/3.4.6/../../../../avr/lib/avr5/crtm162.o
LOAD capture.o
LOAD D:/WinAVR/lib/gcc/avr/3.4.6/avr5\libgcc.a
LOAD d:/WinAVR/bin/../lib/gcc/avr/3.4.6/../../../../avr/lib/avr5\libc.a
LOAD D:/WinAVR/lib/gcc/avr/3.4.6/avr5\libgcc.a

.hash
 *(.hash)

.dynsym
 *(.dynsym)

.dynstr
 *(.dynstr)

.gnu.version
 *(.gnu.version)

.gnu.version_d
 *(.gnu.version_d)

.gnu.version_r
 *(.gnu.version_r)

.rel.init
 *(.rel.init)

.rela.init
 *(.rela.init)

.rel.text
 *(.rel.text)
 *(.rel.text.*)
 *(.rel.gnu.linkonce.t*)

.rela.text
 *(.rela.text)
 *(.rela.text.*)
 *(.rela.gnu.linkonce.t*)

.rel.fini
 *(.rel.fini)

.rela.fini
 *(.rela.fini)

.rel.rodata
 *(.rel.rodata)
 *(.rel.rodata.*)
 *(.rel.gnu.linkonce.r*)

.rela.rodata
 *(.rela.rodata)
 *(.rela.rodata.*)
 *(.rela.gnu.linkonce.r*)

.rel.data
 *(.rel.data)
 *(.rel.data.*)
 *(.rel.gnu.linkonce.d*)

.rela.data
 *(.rela.data)
 *(.rela.data.*)
 *(.rela.gnu.linkonce.d*)

.rel.ctors
 *(.rel.ctors)

.rela.ctors
 *(.rela.ctors)

.rel.dtors
 *(.rel.dtors)

.rela.dtors
 *(.rela.dtors)

.rel.got
 *(.rel.got)

.rela.got
 *(.rela.got)

.rel.bss
 *(.rel.bss)

.rela.bss
 *(.rela.bss)

.rel.plt
 *(.rel.plt)

.rela.plt
 *(.rela.plt)

.text           0x00000000      0x48c
 *(.vectors)
 .vectors       0x00000000       0x70 d:/WinAVR/bin/../lib/gcc/avr/3.4.6/../../../../avr/lib/avr5/crtm162.o
                0x00000000                __vectors
                0x00000000                __vector_default
                0x00000070                __ctors_start = .
 *(.ctors)
                0x00000070                __ctors_end = .
                0x00000070                __dtors_start = .
 *(.dtors)
                0x00000070                __dtors_end = .
 *(.progmem.gcc*)
 *(.progmem*)
                0x00000070                . = ALIGN (0x2)
 *(.init0)
 *(.init1)
 *(.init2)
 .init2         0x00000070        0xc d:/WinAVR/bin/../lib/gcc/avr/3.4.6/../../../../avr/lib/avr5/crtm162.o
 *(.init3)
 *(.init4)
 .init4         0x0000007c       0x16 D:/WinAVR/lib/gcc/avr/3.4.6/avr5\libgcc.a(_copy_data.o)
                0x0000007c                __do_copy_data
 .init4         0x00000092       0x10 D:/WinAVR/lib/gcc/avr/3.4.6/avr5\libgcc.a(_clear_bss.o)
                0x00000092                __do_clear_bss
 *(.init5)
 *(.init6)
 *(.init7)
 *(.init8)
 *(.init9)
 .init9         0x000000a2        0x4 d:/WinAVR/bin/../lib/gcc/avr/3.4.6/../../../../avr/lib/avr5/crtm162.o
 *(.text)
 .text          0x000000a6        0x4 d:/WinAVR/bin/../lib/gcc/avr/3.4.6/../../../../avr/lib/avr5/crtm162.o
                0x000000a6                __vector_22
                0x000000a6                __vector_1
                0x000000a6                __vector_24
                0x000000a6                __vector_12
                0x000000a6                __bad_interrupt
                0x000000a6                __vector_6
                0x000000a6                __vector_3
                0x000000a6                __vector_23
                0x000000a6                __vector_25
                0x000000a6                __vector_13
                0x000000a6                __vector_17
                0x000000a6                __vector_7
                0x000000a6                __vector_27
                0x000000a6                __vector_5
                0x000000a6                __vector_4
                0x000000a6                __vector_9
                0x000000a6                __vector_2
                0x000000a6                __vector_21
                0x000000a6                __vector_15
                0x000000a6                __vector_8
                0x000000a6                __vector_26
                0x000000a6                __vector_14
                0x000000a6                __vector_10
                0x000000a6                __vector_16
                0x000000a6                __vector_18
                0x000000a6                __vector_20
 .text          0x000000aa      0x3e2 capture.o
                0x000000aa                putchar
                0x000000e4                pushRx
                0x000000b2                puts
                0x000000da                getch
                0x00000182                __vector_11
                0x00000332                processRead
                0x00000252                __vector_19
                0x00000334                main
                0x00000118                popRx
                0x0000029c                processSet
                0x0000048c                . = ALIGN (0x2)
 *(.text.*)
                0x0000048c                . = ALIGN (0x2)
 *(.fini9)
 *(.fini8)
 *(.fini7)
 *(.fini6)
 *(.fini5)
 *(.fini4)
 *(.fini3)
 *(.fini2)
 *(.fini1)
 *(.fini0)
                0x0000048c                _etext = .

.data           0x00800100        0x0 load address 0x0000048c
                0x00800100                PROVIDE (__data_start, .)
 *(.data)
 *(.gnu.linkonce.d*)
                0x00800100                . = ALIGN (0x2)
                0x00800100                _edata = .
                0x00800100                PROVIDE (__data_end, .)

.bss            0x00800100       0x3b
                0x00800100                PROVIDE (__bss_start, .)
 *(.bss)
 .bss           0x00800100       0x33 capture.o
 *(COMMON)
 COMMON         0x00800133        0x8 capture.o
                0x00800133                tocker
                0x00800135                pwmCount
                0x00800137                pwmPos
                0x00800139                clock
                0x0080013b                PROVIDE (__bss_end, .)
                0x0000048c                __data_load_start = LOADADDR (.data)
                0x0000048c                __data_load_end = (__data_load_start + SIZEOF (.data))

.noinit         0x0080013b        0x0
                0x0080013b                PROVIDE (__noinit_start, .)
 *(.noinit*)
                0x0080013b                PROVIDE (__noinit_end, .)
                0x0080013b                _end = .
                0x0080013b                PROVIDE (__heap_start, .)

.eeprom         0x00810000        0x0
 *(.eeprom*)
                0x00810000                __eeprom_end = .

.stab           0x00000000      0x36c
 *(.stab)
 .stab          0x00000000      0x36c d:/WinAVR/bin/../lib/gcc/avr/3.4.6/../../../../avr/lib/avr5/crtm162.o

.stabstr        0x00000000       0x84
 *(.stabstr)
 .stabstr       0x00000000       0x84 d:/WinAVR/bin/../lib/gcc/avr/3.4.6/../../../../avr/lib/avr5/crtm162.o

.stab.excl
 *(.stab.excl)

.stab.exclstr
 *(.stab.exclstr)

.stab.index
 *(.stab.index)

.stab.indexstr
 *(.stab.indexstr)

.comment
 *(.comment)

.debug
 *(.debug)

.line
 *(.line)

.debug_srcinfo
 *(.debug_srcinfo)

.debug_sfnames
 *(.debug_sfnames)

.debug_aranges  0x00000000       0x14
 *(.debug_aranges)
 .debug_aranges
                0x00000000       0x14 capture.o

.debug_pubnames
                0x00000000       0xbb
 *(.debug_pubnames)
 .debug_pubnames
                0x00000000       0xbb capture.o

.debug_info     0x00000000      0x32b
 *(.debug_info)
 .debug_info    0x00000000      0x32b capture.o
 *(.gnu.linkonce.wi.*)

.debug_abbrev   0x00000000      0x159
 *(.debug_abbrev)
 .debug_abbrev  0x00000000      0x159 capture.o

.debug_line     0x00000000      0x344
 *(.debug_line)
 .debug_line    0x00000000      0x344 capture.o

.debug_frame
 *(.debug_frame)

.debug_str      0x00000000      0x133
 *(.debug_str)
 .debug_str     0x00000000      0x133 capture.o
                                0x18b (size before relaxing)

.debug_loc
 *(.debug_loc)

.debug_macinfo
 *(.debug_macinfo)
OUTPUT(capture.elf elf32-avr)
